YAML to run: sky/preflight.sky.yaml
Running on cluster: tfct-pf
[33mLaunching a spot job that does not automatically recover from preemptions. To get automatic recovery, use managed job instead: [0m[1msky jobs launch[0m [33mor[0m [1msky.jobs.launch()[0m.
Considered resources (1 node):
----------------------------------------------------------------------------------------------------------------
 INFRA                  INSTANCE                              vCPUs   Mem(GB)   GPUS        COST ($)   CHOSEN   
----------------------------------------------------------------------------------------------------------------
 Nebius (us-central1)   gpu-rtx6000_1gpu-24vcpu-218gb[Spot]   24      218       RTX6000:1   0.95       [32m   ✔[0m     
----------------------------------------------------------------------------------------------------------------
[0m⚙︎ Launching on Nebius us-central1[0m.
WARNING:deprecation:Field .nebius.compute.v1.PreemptibleSpec.priority is deprecated. Supported until 05/11/26. It is deprecated and doesn't affect preemption behavior anymore.
Stack (most recent call last):
  File "<string>", line 1, in <module>
  File "/usr/lib/python3.12/multiprocessing/spawn.py", line 122, in spawn_main
    exitcode = _main(fd, parent_sentinel)
  File "/usr/lib/python3.12/multiprocessing/spawn.py", line 135, in _main
    return self._bootstrap(parent_sentinel)
  File "/usr/lib/python3.12/multiprocessing/process.py", line 314, in _bootstrap
    self.run()
  File "/usr/lib/python3.12/multiprocessing/process.py", line 108, in run
    self._target(*self._args, **self._kwargs)
  File "/usr/lib/python3.12/concurrent/futures/process.py", line 263, in _process_worker
    r = call_item.fn(*call_item.args, **call_item.kwargs)
  File "/home/user/.sky-venv/lib/python3.12/site-packages/sky/server/requests/executor.py", line 535, in _request_execution_wrapper
    return_value = func(**request_body.to_kwargs())
  File "/home/user/.sky-venv/lib/python3.12/site-packages/sky/utils/common_utils.py", line 700, in _record
    return f(*args, **kwargs)
  File "/home/user/.sky-venv/lib/python3.12/site-packages/sky/utils/common_utils.py", line 700, in _record
    return f(*args, **kwargs)
  File "/home/user/.sky-venv/lib/python3.12/site-packages/sky/utils/tempstore.py", line 68, in wrapper
    return func(*args, **kwargs)
  File "/home/user/.sky-venv/lib/python3.12/site-packages/sky/execution.py", line 814, in launch
    return _execute(
  File "/home/user/.sky-venv/lib/python3.12/site-packages/sky/execution.py", line 275, in _execute
    return _execute_dag(
  File "/home/user/.sky-venv/lib/python3.12/site-packages/sky/execution.py", line 518, in _execute_dag
    (handle, provisioning_skipped) = backend.provision(
  File "/home/user/.sky-venv/lib/python3.12/site-packages/sky/utils/common_utils.py", line 700, in _record
    return f(*args, **kwargs)
  File "/home/user/.sky-venv/lib/python3.12/site-packages/sky/utils/common_utils.py", line 680, in _record
    return f(*args, **kwargs)
  File "/home/user/.sky-venv/lib/python3.12/site-packages/sky/backends/backend.py", line 87, in provision
    return self._provision(task, to_provision, dryrun, stream_logs,
  File "/home/user/.sky-venv/lib/python3.12/site-packages/sky/backends/cloud_vm_ray_backend.py", line 3291, in _provision
    return self._locked_provision(lock_id, task, to_provision,
  File "/home/user/.sky-venv/lib/python3.12/site-packages/sky/backends/cloud_vm_ray_backend.py", line 3411, in _locked_provision
    config_dict = retry_provisioner.provision_with_retries(
  File "/home/user/.sky-venv/lib/python3.12/site-packages/sky/utils/common_utils.py", line 700, in _record
    return f(*args, **kwargs)
  File "/home/user/.sky-venv/lib/python3.12/site-packages/sky/backends/cloud_vm_ray_backend.py", line 1831, in provision_with_retries
    config_dict = self._retry_zones(
  File "/home/user/.sky-venv/lib/python3.12/site-packages/sky/backends/cloud_vm_ray_backend.py", line 1304, in _retry_zones
    provision_record = provisioner.bulk_provision(
  File "/home/user/.sky-venv/lib/python3.12/site-packages/sky/provision/provisioner.py", line 170, in bulk_provision
    return _bulk_provision(cloud, region, cluster_name,
  File "/home/user/.sky-venv/lib/python3.12/site-packages/sky/provision/provisioner.py", line 78, in _bulk_provision
    provision_record = provision.run_instances(provider_name,
  File "/home/user/.sky-venv/lib/python3.12/site-packages/sky/provision/__init__.py", line 168, in _wrapper
    return impl(*args, **kwargs)
  File "/home/user/.sky-venv/lib/python3.12/site-packages/sky/provision/nebius/instance.py", line 174, in run_instances
    new_instance_ids = [_launch_one(0)]
  File "/home/user/.sky-venv/lib/python3.12/site-packages/sky/provision/nebius/instance.py", line 147, in _launch_one
    return utils.launch(
  File "/home/user/.sky-venv/lib/python3.12/site-packages/sky/provision/nebius/utils.py", line 672, in launch
    preemptible=nebius.compute().PreemptibleSpec(
  File "/home/user/.sky-venv/lib/python3.12/site-packages/nebius/api/nebius/compute/v1/__init__.py", line 6568, in __init__
    self.priority = priority
[2m├── [0m[2mInstance is up.[0m
[2m└── [0m[2mDocker container is up.[0m
[0m[32m✓ Cluster launched: tfct-pf.[0m[0m  [2mView logs: [1msky logs --provision tfct-pf[0m[0m
[0m⚙︎ Syncing files.
  [2mSyncing workdir (to 1 node): /home/user/workspace/projects/training-framework-comparison-tutorial -> ~/sky_workdir[0m
[0m[32m✓ Synced workdir.[0m[0m  [2mView logs: sky api logs -l sky-2026-07-30-01-31-43-007143/workdir_sync.log[0m
[0m[32m✓ Setup detached.[0m[0m
[0m⚙︎ Job submitted, ID: 1
[2m├── [0m[2mWaiting for task resources on 1 node.[0m
[2m└── [0mJob started. Streaming logs... [2m(Ctrl-C to exit log streaming; job will not be killed)[0m
[36m(setup pid=3118)[0m Obtaining file:///root/sky_workdir
[36m(setup pid=3118)[0m   Installing build dependencies: started
[36m(setup pid=3118)[0m   Installing build dependencies: finished with status 'done'
[36m(setup pid=3118)[0m   Checking if build backend supports build_editable: started
[36m(setup pid=3118)[0m   Checking if build backend supports build_editable: finished with status 'done'
[36m(setup pid=3118)[0m   Getting requirements to build editable: started
[36m(setup pid=3118)[0m   Getting requirements to build editable: finished with status 'done'
[36m(setup pid=3118)[0m   Installing backend dependencies: started
[36m(setup pid=3118)[0m   Installing backend dependencies: finished with status 'done'
[36m(setup pid=3118)[0m   Preparing editable metadata (pyproject.toml): started
[36m(setup pid=3118)[0m   Preparing editable metadata (pyproject.toml): finished with status 'done'
[36m(setup pid=3118)[0m Requirement already satisfied: pyyaml>=6.0 in /usr/local/lib/python3.12/dist-packages (from training-framework-comparison-tutorial==0.1.0) (6.0.3)
[36m(setup pid=3118)[0m Building wheels for collected packages: training-framework-comparison-tutorial
[36m(setup pid=3118)[0m   Building editable for training-framework-comparison-tutorial (pyproject.toml): started
[36m(setup pid=3118)[0m   Building editable for training-framework-comparison-tutorial (pyproject.toml): finished with status 'done'
[36m(setup pid=3118)[0m   Created wheel for training-framework-comparison-tutorial: filename=training_framework_comparison_tutorial-0.1.0-py3-none-any.whl size=8172 sha256=c87e20a7ae2fbe57e7415aa98fe5cbec025ae9ee7260d369050b352c0e963244
[36m(setup pid=3118)[0m   Stored in directory: /tmp/pip-ephem-wheel-cache-4odvq5cv/wheels/0c/f9/ef/9c94d754d512253a9286551515f99485713d036c515880ded0
[36m(setup pid=3118)[0m Successfully built training-framework-comparison-tutorial
[36m(setup pid=3118)[0m Installing collected packages: training-framework-comparison-tutorial
[36m(setup pid=3118)[0m   Attempting uninstall: training-framework-comparison-tutorial
[36m(setup pid=3118)[0m     Found existing installation: training-framework-comparison-tutorial 0.1.0
[36m(setup pid=3118)[0m     Uninstalling training-framework-comparison-tutorial-0.1.0:
[36m(setup pid=3118)[0m       Successfully uninstalled training-framework-comparison-tutorial-0.1.0
[36m(setup pid=3118)[0m Successfully installed training-framework-comparison-tutorial-0.1.0
[36m(setup pid=3118)[0m WARNING: Running pip as the 'root' user can result in broken permissions and conflicting behaviour with the system package manager, possibly rendering your system unusable. It is recommended to use a virtual environment instead: https://pip.pypa.io/warnings/venv. Use the --root-user-action option if you know what you are doing and want to suppress this warning.
[36m(tfct-preflight, pid=3118)[0m name, driver_version, memory.total [MiB]
[36m(tfct-preflight, pid=3118)[0m NVIDIA RTX PRO 6000 Blackwell Server Edition, 580.159.04, 97887 MiB
[36m(tfct-preflight, pid=3118)[0m [preflight] torch      : 2.9.0+cu128 (cuda 12.8)
[36m(tfct-preflight, pid=3118)[0m [preflight] GPU        : NVIDIA RTX PRO 6000 Blackwell Server Edition (sm_120)
[36m(tfct-preflight, pid=3118)[0m [preflight] torch arch : ['sm_70', 'sm_75', 'sm_80', 'sm_86', 'sm_90', 'sm_100', 'sm_120']
[36m(tfct-preflight, pid=3118)[0m [preflight] 판정       : OK — sm_120 실행 가능
[0m[32m✓ Job finished (status: SUCCEEDED).[0m[0m

📋 Useful Commands
Job ID: 1
├── To cancel the job:		sky cancel tfct-pf 1
├── To stream job logs:		sky logs tfct-pf 1
└── To view job queue:		sky queue tfct-pf
Cluster name: tfct-pf
├── To log into the head VM:	ssh tfct-pf
├── To submit a job:		sky exec tfct-pf yaml_file
├── To stop the cluster:	sky stop tfct-pf
└── To teardown the cluster:	sky down tfct-pf
